// Jest Snapshot v1, https://goo.gl/fbAQLP

exports[`<MediaCard> renders correctly when there are no items 1`] = `
<div
  className="MuiBox-root css-hpgf8j"
>
  <div
    className="MuiTypography-root MuiTypography-h1 MuiTypography-gutterBottom css-19bbok8-MuiTypography-root"
  >
    So empty! You should add some sounds to the database!
  </div>
</div>
`;
